2026-05-02 14:46:50,318 INFO STAGE 2: Scraping Opening Reports
2026-05-02 14:46:50,321 INFO Targets: 4981 tenders to scrape (0 already done)
2026-05-02 14:47:50,102 INFO Saved 25 records to scraped_data\awarded_tenders_details.json
2026-05-02 14:47:50,103 INFO Progress: 25/4981 scraped | Total details: 25 | Winners identified: 25
2026-05-02 14:48:51,177 INFO Saved 50 records to scraped_data\awarded_tenders_details.json
2026-05-02 14:48:51,177 INFO Progress: 50/4981 scraped | Total details: 50 | Winners identified: 50
2026-05-02 14:49:51,533 INFO Saved 75 records to scraped_data\awarded_tenders_details.json
2026-05-02 14:49:51,534 INFO Progress: 75/4981 scraped | Total details: 75 | Winners identified: 75
2026-05-02 14:50:54,752 INFO Saved 100 records to scraped_data\awarded_tenders_details.json
2026-05-02 14:50:54,752 INFO Progress: 100/4981 scraped | Total details: 100 | Winners identified: 100
2026-05-02 14:51:54,109 INFO Saved 125 records to scraped_data\awarded_tenders_details.json
2026-05-02 14:51:54,109 INFO Progress: 125/4981 scraped | Total details: 125 | Winners identified: 125
2026-05-02 14:52:55,600 INFO Saved 150 records to scraped_data\awarded_tenders_details.json
2026-05-02 14:52:55,600 INFO Progress: 150/4981 scraped | Total details: 150 | Winners identified: 150
2026-05-02 14:53:54,221 INFO Saved 175 records to scraped_data\awarded_tenders_details.json
2026-05-02 14:53:54,222 INFO Progress: 175/4981 scraped | Total details: 175 | Winners identified: 175
2026-05-02 14:54:57,129 INFO Saved 200 records to scraped_data\awarded_tenders_details.json
2026-05-02 14:54:57,129 INFO Progress: 200/4981 scraped | Total details: 200 | Winners identified: 200
2026-05-02 14:56:01,432 INFO Saved 225 records to scraped_data\awarded_tenders_details.json
2026-05-02 14:56:01,432 INFO Progress: 225/4981 scraped | Total details: 225 | Winners identified: 225
2026-05-02 14:57:04,022 INFO Saved 250 records to scraped_data\awarded_tenders_details.json
2026-05-02 14:57:04,022 INFO Progress: 250/4981 scraped | Total details: 250 | Winners identified: 250
2026-05-02 14:58:06,479 INFO Saved 275 records to scraped_data\awarded_tenders_details.json
2026-05-02 14:58:06,479 INFO Progress: 275/4981 scraped | Total details: 275 | Winners identified: 275
2026-05-02 14:59:07,816 INFO Saved 300 records to scraped_data\awarded_tenders_details.json
2026-05-02 14:59:07,816 INFO Progress: 300/4981 scraped | Total details: 300 | Winners identified: 300
2026-05-02 15:00:15,454 INFO Saved 325 records to scraped_data\awarded_tenders_details.json
2026-05-02 15:00:15,455 INFO Progress: 325/4981 scraped | Total details: 325 | Winners identified: 325
2026-05-02 15:01:16,258 INFO Saved 350 records to scraped_data\awarded_tenders_details.json
2026-05-02 15:01:16,259 INFO Progress: 350/4981 scraped | Total details: 350 | Winners identified: 350
2026-05-02 15:02:14,597 INFO Saved 375 records to scraped_data\awarded_tenders_details.json
2026-05-02 15:02:14,597 INFO Progress: 375/4981 scraped | Total details: 375 | Winners identified: 375
2026-05-02 15:03:15,924 INFO Saved 400 records to scraped_data\awarded_tenders_details.json
2026-05-02 15:03:15,924 INFO Progress: 400/4981 scraped | Total details: 400 | Winners identified: 400
2026-05-02 15:04:22,631 INFO Saved 425 records to scraped_data\awarded_tenders_details.json
2026-05-02 15:04:22,632 INFO Progress: 425/4981 scraped | Total details: 425 | Winners identified: 425
2026-05-02 15:05:21,940 INFO Saved 450 records to scraped_data\awarded_tenders_details.json
2026-05-02 15:05:21,940 INFO Progress: 450/4981 scraped | Total details: 450 | Winners identified: 450
2026-05-02 15:06:27,560 INFO Saved 475 records to scraped_data\awarded_tenders_details.json
2026-05-02 15:06:27,560 INFO Progress: 475/4981 scraped | Total details: 475 | Winners identified: 475
2026-05-02 15:07:29,071 INFO Saved 500 records to scraped_data\awarded_tenders_details.json
2026-05-02 15:07:29,071 INFO Progress: 500/4981 scraped | Total details: 500 | Winners identified: 500
2026-05-02 15:08:32,082 INFO Saved 525 records to scraped_data\awarded_tenders_details.json
2026-05-02 15:08:32,083 INFO Progress: 525/4981 scraped | Total details: 525 | Winners identified: 525
2026-05-02 15:09:33,356 INFO Saved 550 records to scraped_data\awarded_tenders_details.json
2026-05-02 15:09:33,356 INFO Progress: 550/4981 scraped | Total details: 550 | Winners identified: 550
2026-05-02 15:10:32,804 INFO Saved 575 records to scraped_data\awarded_tenders_details.json
2026-05-02 15:10:32,804 INFO Progress: 575/4981 scraped | Total details: 575 | Winners identified: 575
2026-05-02 15:11:37,748 INFO Saved 600 records to scraped_data\awarded_tenders_details.json
2026-05-02 15:11:37,748 INFO Progress: 600/4981 scraped | Total details: 600 | Winners identified: 600
2026-05-02 15:12:41,399 INFO Saved 625 records to scraped_data\awarded_tenders_details.json
2026-05-02 15:12:41,399 INFO Progress: 625/4981 scraped | Total details: 625 | Winners identified: 625
2026-05-02 15:13:43,725 INFO Saved 650 records to scraped_data\awarded_tenders_details.json
2026-05-02 15:13:43,725 INFO Progress: 650/4981 scraped | Total details: 650 | Winners identified: 650
2026-05-02 15:14:46,394 INFO Saved 675 records to scraped_data\awarded_tenders_details.json
2026-05-02 15:14:46,394 INFO Progress: 675/4981 scraped | Total details: 675 | Winners identified: 675
2026-05-02 15:15:51,964 INFO Saved 700 records to scraped_data\awarded_tenders_details.json
2026-05-02 15:15:51,965 INFO Progress: 700/4981 scraped | Total details: 700 | Winners identified: 700
2026-05-02 15:16:51,813 INFO Saved 725 records to scraped_data\awarded_tenders_details.json
2026-05-02 15:16:51,813 INFO Progress: 725/4981 scraped | Total details: 725 | Winners identified: 725
2026-05-02 15:17:51,327 INFO Saved 750 records to scraped_data\awarded_tenders_details.json
2026-05-02 15:17:51,328 INFO Progress: 750/4981 scraped | Total details: 750 | Winners identified: 750
2026-05-02 15:18:51,474 INFO Saved 775 records to scraped_data\awarded_tenders_details.json
2026-05-02 15:18:51,474 INFO Progress: 775/4981 scraped | Total details: 775 | Winners identified: 775
2026-05-02 15:19:57,253 INFO Saved 800 records to scraped_data\awarded_tenders_details.json
2026-05-02 15:19:57,253 INFO Progress: 800/4981 scraped | Total details: 800 | Winners identified: 800
2026-05-02 15:20:59,261 INFO Saved 825 records to scraped_data\awarded_tenders_details.json
2026-05-02 15:20:59,262 INFO Progress: 825/4981 scraped | Total details: 825 | Winners identified: 825
2026-05-02 15:22:03,626 INFO Saved 850 records to scraped_data\awarded_tenders_details.json
2026-05-02 15:22:03,627 INFO Progress: 850/4981 scraped | Total details: 850 | Winners identified: 850
2026-05-02 15:23:08,322 INFO Saved 875 records to scraped_data\awarded_tenders_details.json
2026-05-02 15:23:08,322 INFO Progress: 875/4981 scraped | Total details: 875 | Winners identified: 875
2026-05-02 15:24:10,027 INFO Saved 900 records to scraped_data\awarded_tenders_details.json
2026-05-02 15:24:10,027 INFO Progress: 900/4981 scraped | Total details: 900 | Winners identified: 900
2026-05-02 15:25:11,843 INFO Saved 925 records to scraped_data\awarded_tenders_details.json
2026-05-02 15:25:11,843 INFO Progress: 925/4981 scraped | Total details: 925 | Winners identified: 925
2026-05-02 15:26:14,263 INFO Saved 950 records to scraped_data\awarded_tenders_details.json
2026-05-02 15:26:14,264 INFO Progress: 950/4981 scraped | Total details: 950 | Winners identified: 950
2026-05-02 15:27:13,825 INFO Saved 975 records to scraped_data\awarded_tenders_details.json
2026-05-02 15:27:13,826 INFO Progress: 975/4981 scraped | Total details: 975 | Winners identified: 975
2026-05-02 15:28:11,709 INFO Saved 1000 records to scraped_data\awarded_tenders_details.json
2026-05-02 15:28:11,709 INFO Progress: 1000/4981 scraped | Total details: 1000 | Winners identified: 1000
2026-05-02 15:29:13,443 INFO Saved 1025 records to scraped_data\awarded_tenders_details.json
2026-05-02 15:29:13,443 INFO Progress: 1025/4981 scraped | Total details: 1025 | Winners identified: 1025
2026-05-02 15:30:18,045 INFO Saved 1050 records to scraped_data\awarded_tenders_details.json
2026-05-02 15:30:18,046 INFO Progress: 1050/4981 scraped | Total details: 1050 | Winners identified: 1050
2026-05-02 15:31:20,886 INFO Saved 1075 records to scraped_data\awarded_tenders_details.json
2026-05-02 15:31:20,886 INFO Progress: 1075/4981 scraped | Total details: 1075 | Winners identified: 1075
2026-05-02 15:32:30,044 INFO Saved 1100 records to scraped_data\awarded_tenders_details.json
2026-05-02 15:32:30,045 INFO Progress: 1100/4981 scraped | Total details: 1100 | Winners identified: 1100
2026-05-02 15:33:33,018 INFO Saved 1125 records to scraped_data\awarded_tenders_details.json
2026-05-02 15:33:33,019 INFO Progress: 1125/4981 scraped | Total details: 1125 | Winners identified: 1125
2026-05-02 15:34:37,025 INFO Saved 1150 records to scraped_data\awarded_tenders_details.json
2026-05-02 15:34:37,026 INFO Progress: 1150/4981 scraped | Total details: 1150 | Winners identified: 1150
2026-05-02 15:35:39,298 INFO Saved 1175 records to scraped_data\awarded_tenders_details.json
2026-05-02 15:35:39,298 INFO Progress: 1175/4981 scraped | Total details: 1175 | Winners identified: 1175
2026-05-02 15:36:43,369 INFO Saved 1200 records to scraped_data\awarded_tenders_details.json
2026-05-02 15:36:43,370 INFO Progress: 1200/4981 scraped | Total details: 1200 | Winners identified: 1200
2026-05-02 15:37:54,215 INFO Saved 1225 records to scraped_data\awarded_tenders_details.json
2026-05-02 15:37:54,215 INFO Progress: 1225/4981 scraped | Total details: 1225 | Winners identified: 1225
2026-05-02 15:38:55,141 INFO Saved 1250 records to scraped_data\awarded_tenders_details.json
2026-05-02 15:38:55,141 INFO Progress: 1250/4981 scraped | Total details: 1250 | Winners identified: 1250
2026-05-02 15:39:55,332 INFO Saved 1275 records to scraped_data\awarded_tenders_details.json
2026-05-02 15:39:55,333 INFO Progress: 1275/4981 scraped | Total details: 1275 | Winners identified: 1275
2026-05-02 15:40:56,253 INFO Saved 1300 records to scraped_data\awarded_tenders_details.json
2026-05-02 15:40:56,253 INFO Progress: 1300/4981 scraped | Total details: 1300 | Winners identified: 1300
2026-05-02 15:41:55,254 INFO Saved 1325 records to scraped_data\awarded_tenders_details.json
2026-05-02 15:41:55,254 INFO Progress: 1325/4981 scraped | Total details: 1325 | Winners identified: 1325
2026-05-02 15:42:56,591 INFO Saved 1350 records to scraped_data\awarded_tenders_details.json
2026-05-02 15:42:56,592 INFO Progress: 1350/4981 scraped | Total details: 1350 | Winners identified: 1350
2026-05-02 15:43:59,236 INFO Saved 1375 records to scraped_data\awarded_tenders_details.json
2026-05-02 15:43:59,236 INFO Progress: 1375/4981 scraped | Total details: 1375 | Winners identified: 1375
2026-05-02 15:44:59,998 INFO Saved 1400 records to scraped_data\awarded_tenders_details.json
2026-05-02 15:44:59,999 INFO Progress: 1400/4981 scraped | Total details: 1400 | Winners identified: 1400
2026-05-02 15:46:02,810 INFO Saved 1425 records to scraped_data\awarded_tenders_details.json
2026-05-02 15:46:02,811 INFO Progress: 1425/4981 scraped | Total details: 1425 | Winners identified: 1425
2026-05-02 15:47:05,560 INFO Saved 1450 records to scraped_data\awarded_tenders_details.json
2026-05-02 15:47:05,560 INFO Progress: 1450/4981 scraped | Total details: 1450 | Winners identified: 1450
2026-05-02 15:48:06,722 INFO Saved 1475 records to scraped_data\awarded_tenders_details.json
2026-05-02 15:48:06,723 INFO Progress: 1475/4981 scraped | Total details: 1475 | Winners identified: 1475
2026-05-02 15:49:10,514 INFO Saved 1500 records to scraped_data\awarded_tenders_details.json
2026-05-02 15:49:10,515 INFO Progress: 1500/4981 scraped | Total details: 1500 | Winners identified: 1500
2026-05-02 15:50:12,459 INFO Saved 1525 records to scraped_data\awarded_tenders_details.json
2026-05-02 15:50:12,459 INFO Progress: 1525/4981 scraped | Total details: 1525 | Winners identified: 1525
2026-05-02 15:51:15,216 INFO Saved 1550 records to scraped_data\awarded_tenders_details.json
2026-05-02 15:51:15,216 INFO Progress: 1550/4981 scraped | Total details: 1550 | Winners identified: 1550
2026-05-02 15:52:16,799 INFO Saved 1575 records to scraped_data\awarded_tenders_details.json
2026-05-02 15:52:16,799 INFO Progress: 1575/4981 scraped | Total details: 1575 | Winners identified: 1575
2026-05-02 15:53:18,445 INFO Saved 1600 records to scraped_data\awarded_tenders_details.json
2026-05-02 15:53:18,446 INFO Progress: 1600/4981 scraped | Total details: 1600 | Winners identified: 1600
2026-05-02 15:54:19,445 INFO Saved 1625 records to scraped_data\awarded_tenders_details.json
2026-05-02 15:54:19,446 INFO Progress: 1625/4981 scraped | Total details: 1625 | Winners identified: 1625
2026-05-02 15:55:25,697 INFO Saved 1650 records to scraped_data\awarded_tenders_details.json
2026-05-02 15:55:25,698 INFO Progress: 1650/4981 scraped | Total details: 1650 | Winners identified: 1650
2026-05-02 15:56:32,202 INFO Saved 1675 records to scraped_data\awarded_tenders_details.json
2026-05-02 15:56:32,203 INFO Progress: 1675/4981 scraped | Total details: 1675 | Winners identified: 1675
2026-05-02 15:57:36,191 INFO Saved 1700 records to scraped_data\awarded_tenders_details.json
2026-05-02 15:57:36,191 INFO Progress: 1700/4981 scraped | Total details: 1700 | Winners identified: 1700
2026-05-02 15:58:38,449 INFO Saved 1725 records to scraped_data\awarded_tenders_details.json
2026-05-02 15:58:38,450 INFO Progress: 1725/4981 scraped | Total details: 1725 | Winners identified: 1725
2026-05-02 15:59:39,250 INFO Saved 1750 records to scraped_data\awarded_tenders_details.json
2026-05-02 15:59:39,251 INFO Progress: 1750/4981 scraped | Total details: 1750 | Winners identified: 1750
2026-05-02 16:00:40,662 INFO Saved 1775 records to scraped_data\awarded_tenders_details.json
2026-05-02 16:00:40,662 INFO Progress: 1775/4981 scraped | Total details: 1775 | Winners identified: 1775
2026-05-02 16:01:41,442 INFO Saved 1800 records to scraped_data\awarded_tenders_details.json
2026-05-02 16:01:41,442 INFO Progress: 1800/4981 scraped | Total details: 1800 | Winners identified: 1800
2026-05-02 16:02:39,913 INFO Saved 1825 records to scraped_data\awarded_tenders_details.json
2026-05-02 16:02:39,914 INFO Progress: 1825/4981 scraped | Total details: 1825 | Winners identified: 1825
2026-05-02 16:03:39,063 INFO Saved 1850 records to scraped_data\awarded_tenders_details.json
2026-05-02 16:03:39,063 INFO Progress: 1850/4981 scraped | Total details: 1850 | Winners identified: 1850
2026-05-02 16:04:38,278 INFO Saved 1875 records to scraped_data\awarded_tenders_details.json
2026-05-02 16:04:38,279 INFO Progress: 1875/4981 scraped | Total details: 1875 | Winners identified: 1875
2026-05-02 16:05:43,617 INFO Saved 1900 records to scraped_data\awarded_tenders_details.json
2026-05-02 16:05:43,618 INFO Progress: 1900/4981 scraped | Total details: 1900 | Winners identified: 1900
2026-05-02 16:06:44,696 INFO Saved 1925 records to scraped_data\awarded_tenders_details.json
2026-05-02 16:06:44,696 INFO Progress: 1925/4981 scraped | Total details: 1925 | Winners identified: 1925
2026-05-02 16:07:47,726 INFO Saved 1950 records to scraped_data\awarded_tenders_details.json
2026-05-02 16:07:47,726 INFO Progress: 1950/4981 scraped | Total details: 1950 | Winners identified: 1950
2026-05-02 16:08:46,724 INFO Saved 1975 records to scraped_data\awarded_tenders_details.json
2026-05-02 16:08:46,725 INFO Progress: 1975/4981 scraped | Total details: 1975 | Winners identified: 1975
2026-05-02 16:09:44,261 INFO Saved 2000 records to scraped_data\awarded_tenders_details.json
2026-05-02 16:09:44,262 INFO Progress: 2000/4981 scraped | Total details: 2000 | Winners identified: 2000
2026-05-02 16:10:44,623 INFO Saved 2025 records to scraped_data\awarded_tenders_details.json
2026-05-02 16:10:44,623 INFO Progress: 2025/4981 scraped | Total details: 2025 | Winners identified: 2025
2026-05-02 16:11:44,104 INFO Saved 2050 records to scraped_data\awarded_tenders_details.json
2026-05-02 16:11:44,105 INFO Progress: 2050/4981 scraped | Total details: 2050 | Winners identified: 2050
2026-05-02 16:12:45,920 INFO Saved 2075 records to scraped_data\awarded_tenders_details.json
2026-05-02 16:12:45,921 INFO Progress: 2075/4981 scraped | Total details: 2075 | Winners identified: 2075
2026-05-02 16:13:45,319 INFO Saved 2100 records to scraped_data\awarded_tenders_details.json
2026-05-02 16:13:45,320 INFO Progress: 2100/4981 scraped | Total details: 2100 | Winners identified: 2100
2026-05-02 16:14:45,234 INFO Saved 2125 records to scraped_data\awarded_tenders_details.json
2026-05-02 16:14:45,234 INFO Progress: 2125/4981 scraped | Total details: 2125 | Winners identified: 2125
2026-05-02 16:15:44,939 INFO Saved 2150 records to scraped_data\awarded_tenders_details.json
2026-05-02 16:15:44,939 INFO Progress: 2150/4981 scraped | Total details: 2150 | Winners identified: 2150
2026-05-02 16:16:44,701 INFO Saved 2175 records to scraped_data\awarded_tenders_details.json
2026-05-02 16:16:44,702 INFO Progress: 2175/4981 scraped | Total details: 2175 | Winners identified: 2175
2026-05-02 16:17:46,897 INFO Saved 2200 records to scraped_data\awarded_tenders_details.json
2026-05-02 16:17:46,897 INFO Progress: 2200/4981 scraped | Total details: 2200 | Winners identified: 2200
2026-05-02 16:18:48,511 INFO Saved 2225 records to scraped_data\awarded_tenders_details.json
2026-05-02 16:18:48,512 INFO Progress: 2225/4981 scraped | Total details: 2225 | Winners identified: 2225
2026-05-02 16:19:46,567 INFO Saved 2250 records to scraped_data\awarded_tenders_details.json
2026-05-02 16:19:46,569 INFO Progress: 2250/4981 scraped | Total details: 2250 | Winners identified: 2250
2026-05-02 16:20:48,021 INFO Saved 2275 records to scraped_data\awarded_tenders_details.json
2026-05-02 16:20:48,021 INFO Progress: 2275/4981 scraped | Total details: 2275 | Winners identified: 2275
2026-05-02 16:21:47,987 INFO Saved 2300 records to scraped_data\awarded_tenders_details.json
2026-05-02 16:21:47,988 INFO Progress: 2300/4981 scraped | Total details: 2300 | Winners identified: 2300
2026-05-02 16:22:47,064 INFO Saved 2325 records to scraped_data\awarded_tenders_details.json
2026-05-02 16:22:47,065 INFO Progress: 2325/4981 scraped | Total details: 2325 | Winners identified: 2325
2026-05-02 16:23:48,206 INFO Saved 2350 records to scraped_data\awarded_tenders_details.json
2026-05-02 16:23:48,207 INFO Progress: 2350/4981 scraped | Total details: 2350 | Winners identified: 2350
2026-05-02 16:24:51,140 INFO Saved 2375 records to scraped_data\awarded_tenders_details.json
2026-05-02 16:24:51,141 INFO Progress: 2375/4981 scraped | Total details: 2375 | Winners identified: 2375
2026-05-02 16:25:50,377 INFO Saved 2400 records to scraped_data\awarded_tenders_details.json
2026-05-02 16:25:50,377 INFO Progress: 2400/4981 scraped | Total details: 2400 | Winners identified: 2400
2026-05-02 16:26:53,056 INFO Saved 2425 records to scraped_data\awarded_tenders_details.json
2026-05-02 16:26:53,057 INFO Progress: 2425/4981 scraped | Total details: 2425 | Winners identified: 2425
2026-05-02 16:27:53,609 INFO Saved 2450 records to scraped_data\awarded_tenders_details.json
2026-05-02 16:27:53,609 INFO Progress: 2450/4981 scraped | Total details: 2450 | Winners identified: 2450
2026-05-02 16:28:55,460 INFO Saved 2475 records to scraped_data\awarded_tenders_details.json
2026-05-02 16:28:55,461 INFO Progress: 2475/4981 scraped | Total details: 2475 | Winners identified: 2475
2026-05-02 16:29:55,639 INFO Saved 2500 records to scraped_data\awarded_tenders_details.json
2026-05-02 16:29:55,639 INFO Progress: 2500/4981 scraped | Total details: 2500 | Winners identified: 2500
2026-05-02 16:30:57,915 INFO Saved 2525 records to scraped_data\awarded_tenders_details.json
2026-05-02 16:30:57,917 INFO Progress: 2525/4981 scraped | Total details: 2525 | Winners identified: 2525
2026-05-02 16:31:58,850 INFO Saved 2550 records to scraped_data\awarded_tenders_details.json
2026-05-02 16:31:58,851 INFO Progress: 2550/4981 scraped | Total details: 2550 | Winners identified: 2550
2026-05-02 16:33:03,591 INFO Saved 2575 records to scraped_data\awarded_tenders_details.json
2026-05-02 16:33:03,591 INFO Progress: 2575/4981 scraped | Total details: 2575 | Winners identified: 2575
2026-05-02 16:34:03,941 INFO Saved 2600 records to scraped_data\awarded_tenders_details.json
2026-05-02 16:34:03,942 INFO Progress: 2600/4981 scraped | Total details: 2600 | Winners identified: 2600
2026-05-02 16:35:02,349 INFO Saved 2625 records to scraped_data\awarded_tenders_details.json
2026-05-02 16:35:02,350 INFO Progress: 2625/4981 scraped | Total details: 2625 | Winners identified: 2625
2026-05-02 16:36:00,257 INFO Saved 2650 records to scraped_data\awarded_tenders_details.json
2026-05-02 16:36:00,259 INFO Progress: 2650/4981 scraped | Total details: 2650 | Winners identified: 2650
2026-05-02 16:37:01,405 INFO Saved 2675 records to scraped_data\awarded_tenders_details.json
2026-05-02 16:37:01,405 INFO Progress: 2675/4981 scraped | Total details: 2675 | Winners identified: 2675
2026-05-02 16:38:02,016 INFO Saved 2700 records to scraped_data\awarded_tenders_details.json
2026-05-02 16:38:02,017 INFO Progress: 2700/4981 scraped | Total details: 2700 | Winners identified: 2700
2026-05-02 16:39:00,497 INFO Saved 2725 records to scraped_data\awarded_tenders_details.json
2026-05-02 16:39:00,498 INFO Progress: 2725/4981 scraped | Total details: 2725 | Winners identified: 2725
2026-05-02 16:39:59,237 INFO Saved 2750 records to scraped_data\awarded_tenders_details.json
2026-05-02 16:39:59,238 INFO Progress: 2750/4981 scraped | Total details: 2750 | Winners identified: 2750
2026-05-02 16:40:58,773 INFO Saved 2775 records to scraped_data\awarded_tenders_details.json
2026-05-02 16:40:58,774 INFO Progress: 2775/4981 scraped | Total details: 2775 | Winners identified: 2775
2026-05-02 16:41:58,333 INFO Saved 2800 records to scraped_data\awarded_tenders_details.json
2026-05-02 16:41:58,335 INFO Progress: 2800/4981 scraped | Total details: 2800 | Winners identified: 2800
2026-05-02 16:43:00,568 INFO Saved 2825 records to scraped_data\awarded_tenders_details.json
2026-05-02 16:43:00,568 INFO Progress: 2825/4981 scraped | Total details: 2825 | Winners identified: 2825
2026-05-02 16:44:02,302 INFO Saved 2850 records to scraped_data\awarded_tenders_details.json
2026-05-02 16:44:02,302 INFO Progress: 2850/4981 scraped | Total details: 2850 | Winners identified: 2850
2026-05-02 16:45:02,481 INFO Saved 2875 records to scraped_data\awarded_tenders_details.json
2026-05-02 16:45:02,482 INFO Progress: 2875/4981 scraped | Total details: 2875 | Winners identified: 2875
2026-05-02 16:46:03,781 INFO Saved 2900 records to scraped_data\awarded_tenders_details.json
2026-05-02 16:46:03,782 INFO Progress: 2900/4981 scraped | Total details: 2900 | Winners identified: 2900
2026-05-02 16:47:05,364 INFO Saved 2925 records to scraped_data\awarded_tenders_details.json
2026-05-02 16:47:05,364 INFO Progress: 2925/4981 scraped | Total details: 2925 | Winners identified: 2925
2026-05-02 16:48:05,008 INFO Saved 2950 records to scraped_data\awarded_tenders_details.json
2026-05-02 16:48:05,009 INFO Progress: 2950/4981 scraped | Total details: 2950 | Winners identified: 2950
2026-05-02 16:49:07,025 INFO Saved 2975 records to scraped_data\awarded_tenders_details.json
2026-05-02 16:49:07,026 INFO Progress: 2975/4981 scraped | Total details: 2975 | Winners identified: 2975
2026-05-02 16:50:05,764 INFO Saved 3000 records to scraped_data\awarded_tenders_details.json
2026-05-02 16:50:05,765 INFO Progress: 3000/4981 scraped | Total details: 3000 | Winners identified: 3000
2026-05-02 16:51:06,488 INFO Saved 3025 records to scraped_data\awarded_tenders_details.json
2026-05-02 16:51:06,489 INFO Progress: 3025/4981 scraped | Total details: 3025 | Winners identified: 3025
2026-05-02 16:52:08,477 INFO Saved 3050 records to scraped_data\awarded_tenders_details.json
2026-05-02 16:52:08,478 INFO Progress: 3050/4981 scraped | Total details: 3050 | Winners identified: 3050
2026-05-02 16:53:10,752 INFO Saved 3075 records to scraped_data\awarded_tenders_details.json
2026-05-02 16:53:10,754 INFO Progress: 3075/4981 scraped | Total details: 3075 | Winners identified: 3075
2026-05-02 16:54:09,565 INFO Saved 3100 records to scraped_data\awarded_tenders_details.json
2026-05-02 16:54:09,565 INFO Progress: 3100/4981 scraped | Total details: 3100 | Winners identified: 3100
2026-05-02 16:55:09,193 INFO Saved 3125 records to scraped_data\awarded_tenders_details.json
2026-05-02 16:55:09,194 INFO Progress: 3125/4981 scraped | Total details: 3125 | Winners identified: 3125
2026-05-02 16:56:09,911 INFO Saved 3150 records to scraped_data\awarded_tenders_details.json
2026-05-02 16:56:09,912 INFO Progress: 3150/4981 scraped | Total details: 3150 | Winners identified: 3150
2026-05-02 16:57:08,025 INFO Saved 3175 records to scraped_data\awarded_tenders_details.json
2026-05-02 16:57:08,026 INFO Progress: 3175/4981 scraped | Total details: 3175 | Winners identified: 3175
2026-05-02 16:58:06,151 INFO Saved 3200 records to scraped_data\awarded_tenders_details.json
2026-05-02 16:58:06,152 INFO Progress: 3200/4981 scraped | Total details: 3200 | Winners identified: 3200
2026-05-02 16:59:05,292 INFO Saved 3225 records to scraped_data\awarded_tenders_details.json
2026-05-02 16:59:05,293 INFO Progress: 3225/4981 scraped | Total details: 3225 | Winners identified: 3225
2026-05-02 17:00:05,025 INFO Saved 3250 records to scraped_data\awarded_tenders_details.json
2026-05-02 17:00:05,026 INFO Progress: 3250/4981 scraped | Total details: 3250 | Winners identified: 3250
2026-05-02 17:01:02,728 INFO Saved 3275 records to scraped_data\awarded_tenders_details.json
2026-05-02 17:01:02,729 INFO Progress: 3275/4981 scraped | Total details: 3275 | Winners identified: 3275
2026-05-02 17:02:01,427 INFO Saved 3300 records to scraped_data\awarded_tenders_details.json
2026-05-02 17:02:01,428 INFO Progress: 3300/4981 scraped | Total details: 3300 | Winners identified: 3300
2026-05-02 17:03:00,298 INFO Saved 3325 records to scraped_data\awarded_tenders_details.json
2026-05-02 17:03:00,299 INFO Progress: 3325/4981 scraped | Total details: 3325 | Winners identified: 3325
2026-05-02 17:04:00,639 INFO Saved 3350 records to scraped_data\awarded_tenders_details.json
2026-05-02 17:04:00,640 INFO Progress: 3350/4981 scraped | Total details: 3350 | Winners identified: 3350
2026-05-02 17:04:58,831 INFO Saved 3375 records to scraped_data\awarded_tenders_details.json
2026-05-02 17:04:58,832 INFO Progress: 3375/4981 scraped | Total details: 3375 | Winners identified: 3375
2026-05-02 17:05:58,498 INFO Saved 3400 records to scraped_data\awarded_tenders_details.json
2026-05-02 17:05:58,498 INFO Progress: 3400/4981 scraped | Total details: 3400 | Winners identified: 3400
2026-05-02 17:06:55,523 INFO Saved 3425 records to scraped_data\awarded_tenders_details.json
2026-05-02 17:06:55,525 INFO Progress: 3425/4981 scraped | Total details: 3425 | Winners identified: 3425
2026-05-02 17:07:55,263 INFO Saved 3450 records to scraped_data\awarded_tenders_details.json
2026-05-02 17:07:55,264 INFO Progress: 3450/4981 scraped | Total details: 3450 | Winners identified: 3450
2026-05-02 17:08:52,444 INFO Saved 3475 records to scraped_data\awarded_tenders_details.json
2026-05-02 17:08:52,445 INFO Progress: 3475/4981 scraped | Total details: 3475 | Winners identified: 3475
2026-05-02 17:09:51,797 INFO Saved 3500 records to scraped_data\awarded_tenders_details.json
2026-05-02 17:09:51,798 INFO Progress: 3500/4981 scraped | Total details: 3500 | Winners identified: 3500
2026-05-02 17:11:00,948 INFO Saved 3525 records to scraped_data\awarded_tenders_details.json
2026-05-02 17:11:00,949 INFO Progress: 3525/4981 scraped | Total details: 3525 | Winners identified: 3525
2026-05-02 17:12:01,205 INFO Saved 3550 records to scraped_data\awarded_tenders_details.json
2026-05-02 17:12:01,206 INFO Progress: 3550/4981 scraped | Total details: 3550 | Winners identified: 3550
2026-05-02 17:13:00,243 INFO Saved 3575 records to scraped_data\awarded_tenders_details.json
2026-05-02 17:13:00,245 INFO Progress: 3575/4981 scraped | Total details: 3575 | Winners identified: 3575
2026-05-02 17:13:59,666 INFO Saved 3600 records to scraped_data\awarded_tenders_details.json
2026-05-02 17:13:59,667 INFO Progress: 3600/4981 scraped | Total details: 3600 | Winners identified: 3600
2026-05-02 17:14:59,350 INFO Saved 3625 records to scraped_data\awarded_tenders_details.json
2026-05-02 17:14:59,351 INFO Progress: 3625/4981 scraped | Total details: 3625 | Winners identified: 3625
2026-05-02 17:15:56,328 INFO Saved 3650 records to scraped_data\awarded_tenders_details.json
2026-05-02 17:15:56,329 INFO Progress: 3650/4981 scraped | Total details: 3650 | Winners identified: 3650
2026-05-02 17:16:57,362 INFO Saved 3675 records to scraped_data\awarded_tenders_details.json
2026-05-02 17:16:57,363 INFO Progress: 3675/4981 scraped | Total details: 3675 | Winners identified: 3675
2026-05-02 17:17:57,069 INFO Saved 3700 records to scraped_data\awarded_tenders_details.json
2026-05-02 17:17:57,070 INFO Progress: 3700/4981 scraped | Total details: 3700 | Winners identified: 3700
2026-05-02 17:19:05,236 INFO Saved 3725 records to scraped_data\awarded_tenders_details.json
2026-05-02 17:19:05,237 INFO Progress: 3725/4981 scraped | Total details: 3725 | Winners identified: 3725
2026-05-02 17:20:01,816 INFO Saved 3750 records to scraped_data\awarded_tenders_details.json
2026-05-02 17:20:01,817 INFO Progress: 3750/4981 scraped | Total details: 3750 | Winners identified: 3750
2026-05-02 17:20:59,268 INFO Saved 3775 records to scraped_data\awarded_tenders_details.json
2026-05-02 17:20:59,269 INFO Progress: 3775/4981 scraped | Total details: 3775 | Winners identified: 3775
2026-05-02 17:21:55,967 INFO Saved 3800 records to scraped_data\awarded_tenders_details.json
2026-05-02 17:21:55,968 INFO Progress: 3800/4981 scraped | Total details: 3800 | Winners identified: 3800
2026-05-02 17:22:53,470 INFO Saved 3825 records to scraped_data\awarded_tenders_details.json
2026-05-02 17:22:53,471 INFO Progress: 3825/4981 scraped | Total details: 3825 | Winners identified: 3825
2026-05-02 17:23:50,641 INFO Saved 3850 records to scraped_data\awarded_tenders_details.json
2026-05-02 17:23:50,643 INFO Progress: 3850/4981 scraped | Total details: 3850 | Winners identified: 3850
2026-05-02 17:24:48,625 INFO Saved 3875 records to scraped_data\awarded_tenders_details.json
2026-05-02 17:24:48,626 INFO Progress: 3875/4981 scraped | Total details: 3875 | Winners identified: 3875
2026-05-02 17:25:48,892 INFO Saved 3900 records to scraped_data\awarded_tenders_details.json
2026-05-02 17:25:48,893 INFO Progress: 3900/4981 scraped | Total details: 3900 | Winners identified: 3900
2026-05-02 17:26:45,702 INFO Saved 3925 records to scraped_data\awarded_tenders_details.json
2026-05-02 17:26:45,702 INFO Progress: 3925/4981 scraped | Total details: 3925 | Winners identified: 3925
2026-05-02 17:27:43,531 INFO Saved 3950 records to scraped_data\awarded_tenders_details.json
2026-05-02 17:27:43,532 INFO Progress: 3950/4981 scraped | Total details: 3950 | Winners identified: 3950
2026-05-02 17:28:41,931 INFO Saved 3975 records to scraped_data\awarded_tenders_details.json
2026-05-02 17:28:41,933 INFO Progress: 3975/4981 scraped | Total details: 3975 | Winners identified: 3975
2026-05-02 17:29:38,710 INFO Saved 4000 records to scraped_data\awarded_tenders_details.json
2026-05-02 17:29:38,712 INFO Progress: 4000/4981 scraped | Total details: 4000 | Winners identified: 4000
2026-05-02 17:30:35,534 INFO Saved 4025 records to scraped_data\awarded_tenders_details.json
2026-05-02 17:30:35,535 INFO Progress: 4025/4981 scraped | Total details: 4025 | Winners identified: 4025
2026-05-02 17:31:33,101 INFO Saved 4050 records to scraped_data\awarded_tenders_details.json
2026-05-02 17:31:33,102 INFO Progress: 4050/4981 scraped | Total details: 4050 | Winners identified: 4050
2026-05-02 17:32:30,540 INFO Saved 4075 records to scraped_data\awarded_tenders_details.json
2026-05-02 17:32:30,541 INFO Progress: 4075/4981 scraped | Total details: 4075 | Winners identified: 4075
2026-05-02 17:33:26,933 INFO Saved 4100 records to scraped_data\awarded_tenders_details.json
2026-05-02 17:33:26,935 INFO Progress: 4100/4981 scraped | Total details: 4100 | Winners identified: 4100
2026-05-02 17:34:25,570 INFO Saved 4125 records to scraped_data\awarded_tenders_details.json
2026-05-02 17:34:25,571 INFO Progress: 4125/4981 scraped | Total details: 4125 | Winners identified: 4125
2026-05-02 17:35:23,385 INFO Saved 4150 records to scraped_data\awarded_tenders_details.json
2026-05-02 17:35:23,387 INFO Progress: 4150/4981 scraped | Total details: 4150 | Winners identified: 4150
2026-05-02 17:36:20,900 INFO Saved 4175 records to scraped_data\awarded_tenders_details.json
2026-05-02 17:36:20,903 INFO Progress: 4175/4981 scraped | Total details: 4175 | Winners identified: 4175
2026-05-02 17:37:19,220 INFO Saved 4200 records to scraped_data\awarded_tenders_details.json
2026-05-02 17:37:19,221 INFO Progress: 4200/4981 scraped | Total details: 4200 | Winners identified: 4200
2026-05-02 17:38:16,645 INFO Saved 4225 records to scraped_data\awarded_tenders_details.json
2026-05-02 17:38:16,647 INFO Progress: 4225/4981 scraped | Total details: 4225 | Winners identified: 4225
2026-05-02 17:39:15,753 INFO Saved 4250 records to scraped_data\awarded_tenders_details.json
2026-05-02 17:39:15,754 INFO Progress: 4250/4981 scraped | Total details: 4250 | Winners identified: 4250
2026-05-02 17:40:16,263 INFO Saved 4275 records to scraped_data\awarded_tenders_details.json
2026-05-02 17:40:16,264 INFO Progress: 4275/4981 scraped | Total details: 4275 | Winners identified: 4275
2026-05-02 17:41:15,523 INFO Saved 4300 records to scraped_data\awarded_tenders_details.json
2026-05-02 17:41:15,524 INFO Progress: 4300/4981 scraped | Total details: 4300 | Winners identified: 4300
2026-05-02 17:42:14,926 INFO Saved 4325 records to scraped_data\awarded_tenders_details.json
2026-05-02 17:42:14,928 INFO Progress: 4325/4981 scraped | Total details: 4325 | Winners identified: 4325
2026-05-02 17:43:12,873 INFO Saved 4350 records to scraped_data\awarded_tenders_details.json
2026-05-02 17:43:12,874 INFO Progress: 4350/4981 scraped | Total details: 4350 | Winners identified: 4350
2026-05-02 17:44:12,828 INFO Saved 4375 records to scraped_data\awarded_tenders_details.json
2026-05-02 17:44:12,830 INFO Progress: 4375/4981 scraped | Total details: 4375 | Winners identified: 4375
2026-05-02 17:45:10,582 INFO Saved 4400 records to scraped_data\awarded_tenders_details.json
2026-05-02 17:45:10,584 INFO Progress: 4400/4981 scraped | Total details: 4400 | Winners identified: 4400
2026-05-02 17:46:08,832 INFO Saved 4425 records to scraped_data\awarded_tenders_details.json
2026-05-02 17:46:08,833 INFO Progress: 4425/4981 scraped | Total details: 4425 | Winners identified: 4425
2026-05-02 17:47:05,807 INFO Saved 4450 records to scraped_data\awarded_tenders_details.json
2026-05-02 17:47:05,808 INFO Progress: 4450/4981 scraped | Total details: 4450 | Winners identified: 4450
2026-05-02 17:48:04,236 INFO Saved 4475 records to scraped_data\awarded_tenders_details.json
2026-05-02 17:48:04,237 INFO Progress: 4475/4981 scraped | Total details: 4475 | Winners identified: 4475
2026-05-02 17:49:03,977 INFO Saved 4500 records to scraped_data\awarded_tenders_details.json
2026-05-02 17:49:03,979 INFO Progress: 4500/4981 scraped | Total details: 4500 | Winners identified: 4500
2026-05-02 17:50:02,616 INFO Saved 4525 records to scraped_data\awarded_tenders_details.json
2026-05-02 17:50:02,618 INFO Progress: 4525/4981 scraped | Total details: 4525 | Winners identified: 4525
2026-05-02 17:51:01,333 INFO Saved 4550 records to scraped_data\awarded_tenders_details.json
2026-05-02 17:51:01,334 INFO Progress: 4550/4981 scraped | Total details: 4550 | Winners identified: 4550
2026-05-02 17:51:58,850 INFO Saved 4575 records to scraped_data\awarded_tenders_details.json
2026-05-02 17:51:58,852 INFO Progress: 4575/4981 scraped | Total details: 4575 | Winners identified: 4575
2026-05-02 17:52:56,096 INFO Saved 4600 records to scraped_data\awarded_tenders_details.json
2026-05-02 17:52:56,098 INFO Progress: 4600/4981 scraped | Total details: 4600 | Winners identified: 4600
2026-05-02 17:53:54,116 INFO Saved 4625 records to scraped_data\awarded_tenders_details.json
2026-05-02 17:53:54,117 INFO Progress: 4625/4981 scraped | Total details: 4625 | Winners identified: 4625
2026-05-02 17:54:52,433 INFO Saved 4650 records to scraped_data\awarded_tenders_details.json
2026-05-02 17:54:52,434 INFO Progress: 4650/4981 scraped | Total details: 4650 | Winners identified: 4650
2026-05-02 17:55:51,283 INFO Saved 4675 records to scraped_data\awarded_tenders_details.json
2026-05-02 17:55:51,284 INFO Progress: 4675/4981 scraped | Total details: 4675 | Winners identified: 4675
2026-05-02 17:56:49,183 INFO Saved 4700 records to scraped_data\awarded_tenders_details.json
2026-05-02 17:56:49,184 INFO Progress: 4700/4981 scraped | Total details: 4700 | Winners identified: 4700
2026-05-02 17:57:49,837 INFO Saved 4725 records to scraped_data\awarded_tenders_details.json
2026-05-02 17:57:49,838 INFO Progress: 4725/4981 scraped | Total details: 4725 | Winners identified: 4725
2026-05-02 17:58:47,060 INFO Saved 4750 records to scraped_data\awarded_tenders_details.json
2026-05-02 17:58:47,062 INFO Progress: 4750/4981 scraped | Total details: 4750 | Winners identified: 4750
2026-05-02 17:59:44,700 INFO Saved 4775 records to scraped_data\awarded_tenders_details.json
2026-05-02 17:59:44,701 INFO Progress: 4775/4981 scraped | Total details: 4775 | Winners identified: 4775
2026-05-02 18:00:43,016 INFO Saved 4800 records to scraped_data\awarded_tenders_details.json
2026-05-02 18:00:43,018 INFO Progress: 4800/4981 scraped | Total details: 4800 | Winners identified: 4800
2026-05-02 18:01:42,409 INFO Saved 4825 records to scraped_data\awarded_tenders_details.json
2026-05-02 18:01:42,410 INFO Progress: 4825/4981 scraped | Total details: 4825 | Winners identified: 4825
2026-05-02 18:03:09,434 INFO Saved 4850 records to scraped_data\awarded_tenders_details.json
2026-05-02 18:03:09,435 INFO Progress: 4850/4981 scraped | Total details: 4850 | Winners identified: 4850
2026-05-02 18:04:19,307 INFO Saved 4875 records to scraped_data\awarded_tenders_details.json
2026-05-02 18:04:19,308 INFO Progress: 4875/4981 scraped | Total details: 4875 | Winners identified: 4875
2026-05-02 18:05:18,382 INFO Saved 4900 records to scraped_data\awarded_tenders_details.json
2026-05-02 18:05:18,383 INFO Progress: 4900/4981 scraped | Total details: 4900 | Winners identified: 4900
2026-05-02 18:06:15,131 INFO Saved 4925 records to scraped_data\awarded_tenders_details.json
2026-05-02 18:06:15,133 INFO Progress: 4925/4981 scraped | Total details: 4925 | Winners identified: 4925
2026-05-02 18:07:12,544 INFO Saved 4950 records to scraped_data\awarded_tenders_details.json
2026-05-02 18:07:12,546 INFO Progress: 4950/4981 scraped | Total details: 4950 | Winners identified: 4950
2026-05-02 18:08:09,782 INFO Saved 4975 records to scraped_data\awarded_tenders_details.json
2026-05-02 18:08:09,784 INFO Progress: 4975/4981 scraped | Total details: 4975 | Winners identified: 4975
2026-05-02 18:08:25,775 INFO Saved 4981 records to scraped_data\awarded_tenders_details.json
2026-05-02 18:08:25,777 INFO 
STAGE 2 COMPLETE: 4981 tenders with bid details | Winners identified: 4981 | Construction: 4981
======================================================================
SCC AWARDED TENDER SCRAPER
Started: 2026-05-02T14:46:50.221620
======================================================================

  Construction contract values:
    Count: 4204
    Min: OMR 10.00
    Max: OMR 116,997,731.38
    Avg: OMR 532,974.48
    Total: OMR 2,240,624,727.61

======================================================================
SCRAPE SUMMARY
======================================================================

Listing: 28535 awarded tenders
  Construction/infra: 4981
  With internal IDs: 28531
  Date range: 30-09-2012 13:13:59 to 29-04-2026 12:19:42

  Top categories:
    Supply: 16958
    Services: 3687
    Construction and Maintenance: 3345
    Information Technology Services: 1152
    Supply and Services (Old): 1076
    Construction Works (Old): 600
    Consulting Offices: 527
    Electromechanical and Telecommunications Contracti: 506
    Construction of Ports Roads Bridges Railways Dams : 476
    Consultancy  (Old): 121

  Top entities:
    Ministry of Health: 12195
    Ministry of Agricultural, Fisheries Wealth and Wat: 2502
    Ministry of Education: 1794
    Ministry of Transport Communications and Informati: 804
    Ministry of Social Development: 708
    Ministry of Information: 702
    Ministry of Housing and Urban Planning: 673
    Dhofar Municipality: 587
    Majan Electricity Company: 568
    Oman Cement Company S.A.O.G.: 486

Details: 4981 tenders with bid data
  Winners identified: 4981
  Construction: 4981

  Tracked competitors in awarded data:
    Al Tasnim: 131 bids, 29 wins (22% win rate)
    Sarooj: 90 bids, 7 wins (8% win rate)
    Galfar: 52 bids, 11 wins (21% win rate)
    Strabag: 41 bids, 5 wins (12% win rate)
    Towell: 22 bids, 3 wins (14% win rate)
    Ozkar: 8 bids, 0 wins (0% win rate)
    Arab Contractors: 7 bids, 1 wins (14% win rate)
    Hassan Allam: 1 bids, 0 wins (0% win rate)

Completed: 2026-05-02T18:08:26.058430
